python : Traceback (most recent call last):
위치 C:\Users\hooni\AppData\Local\Temp\ps-script-fcf4477d-4700-42dc-9f69-c4e646e0f10b.ps1:88 문자:43
+ ... _vocab_app; python scripts\test_generate.py > test_output.txt 2>&1; G ...
+                 ~~~~~~~~~~~~~~~~~~~~~~~~~~~~~~~~~~~~~~~~~~~~~~~~~~~~~~
    + CategoryInfo          : NotSpecified: (Traceback (most recent call last)::String) [], RemoteException
    + FullyQualifiedErrorId : NativeCommandError
 
  File "C:\Users\hooni\Desktop\jlpt_vocab_app\scripts\test_generate.py", line 17, in <module>
    print(json.dumps(word, indent=2, ensure_ascii=False))
    ~~~~~^^^^^^^^^^^^^^^^^^^^^^^^^^^^^^^^^^^^^^^^^^^^^^^^
UnicodeEncodeError: 'cp949' codec can't encode character '\u6328' in position 124: illegal multibyte sequence
